Created new file in feature branch
Added second line to test conflict resolution
Added other changes
